lib/ats-analyzer.ts(29,17): error TS1005: ',' expected.
lib/ats-analyzer.ts(131,37): error TS1005: ',' expected.
lib/ats-analyzer.ts(137,34): error TS1005: ',' expected.
lib/ats-analyzer.ts(137,42): error TS1005: ',' expected.
lib/ats-analyzer.ts(137,47): error TS1005: ',' expected.
